// Jest Snapshot v1, https://goo.gl/fbAQLP

exports[`BrowserList renders and matches snapshot 1`] = `
<div
  id="music-sources-container"
  onScrollCapture={[Function bound _onScroll]}
>
  <h4>My List</h4>
  <ul id="browser-container">
    <div
      onScroll={[Function anonymous]}
      class="scrollcontainer"
    >
      <div style="position:relative; overflow:hidden; width:100%; min-height:100%; height:100px;">
        <div style="position:absolute; top:0; left:0; height:100%; width:100%; overflow:visible; top:0px;"></div>
      </div>
    </div>
  </ul>
</div>
`;
