// Jest Snapshot v1, https://goo.gl/fbAQLP

exports[`QueueList renders and matches snapshot 1`] = `
<div
  class="collapsed"
  id="queue-list-container-wrapper"
>
  <h4
    id="queue"
  >
    QUEUE
  </h4>
  <div
    id="queue-list-container"
  >
    <a
      id="queue-clear-button"
      title="Clear Queue"
    >
      <i
        class="material-icons"
      >
        clear_all
      </i>
    </a>
    <ul
      id="queue-container"
    >
      <div
        class="scrollcontainer"
      >
        <p
          class="queue-list-item"
        />
      </div>
    </ul>
  </div>
</div>
`;
